// BRAVO SYSTEMS SL (JJL set-up file).
#  ***************************************************
#  ****                    JJL                    ****
#  ***************************************************

#  System Version : 5.2.3 (rev.: 15808 @ /SailsysV4/branches/jcd-SailsysV5);
#  Config Version : BRAVO4
#  Libraries loaded
#     #          Lib Name version
#  ----------------------------------
#     0 -   SystemLibrary 3.9500
#     1 -      VarLibrary 3.3300
#     2 -      StdLibrary 3.2440
#     3 - BravoCommonsLibrary 1.6000

MagneticVariation.Source.Set( wmmMagneticVariation )
Gravity.Source.Set( wgsGravity )
CurrDrift.Source.Set( CurrDriftMeasured )
CurrSet.Source.Set( CurrSetMeasured )
WindShear.Source.Set( 0 )
WindWeight.Source.Set( 1 )
Lat.Source.Set( gpsLATorg )
Lon.Source.Set( gpsLONorg )
PosFixTime.Source.Set( gpsPOSFIXTIMEorg )
PosQuality.Source.Set( gpsQUALITYorg )
COG.Source.Set( gpsCOGtrue )
SOG.Source.Set( gpsSOGorg )
GpsHdg.Source.Set( NavSolver_GpsHDG )
GpsBS.Source.Set( NavSolver_GpsBS )
Hdg.Source.Set( HDT_Input )
HDT.Source.Set( HDT_Input )
HDM.Source.Set( HDM_Input )
Heel.Source.Set( Heel_Input )
Trim.Source.Set( Trim_Input )
BS.Source.Set( SOW_Input )
Yaw.Source.Set( YAWm )
Lwy.Source.Set( LWYHEELorg )
Cse.Source.Set( NavSolver_COW )
SOW.Source.Set( NavSolver_SOW )
MastTwist.Source.Set( MASTTWISTest )
UpwashAngle.Source.Set( UPWASHANGLEm )
UpwashSpeed.Source.Set( UPWASHSPEEDm )
AWA.Source.Set( mhuAWAorg )
AWS.Source.Set( mhuAWSorg )
TWA.Source.Set( mhuTWAorg )
TWS.Source.Set( mhuTWSorg )
TWD.Source.Set( mhuTWDorg )
AWA1.Source.Set( mhuAWA1org )
AWS1.Source.Set( mhuAWS1org )
TWA1.Source.Set( mhuTWA1org )
TWS1.Source.Set( mhuTWS1org )
TWD1.Source.Set( mhuTWD1org )
AWA2.Source.Set( mhuAWA2org )
AWS2.Source.Set( mhuAWS2org )
TWA2.Source.Set( mhuTWA2org )
TWS2.Source.Set( mhuTWS2org )
TWD2.Source.Set( mhuTWD2org )
AWA3.Source.Set( mhuAWA3org )
AWS3.Source.Set( mhuAWS3org )
TWA3.Source.Set( mhuTWA3org )
TWS3.Source.Set( mhuTWS3org )
TWD3.Source.Set( mhuTWD3org )
AWA4.Source.Set( mhuAWA4org )
AWS4.Source.Set( mhuAWS4org )
TWA4.Source.Set( mhuTWA4org )
TWS4.Source.Set( mhuTWS4org )
TWD4.Source.Set( mhuTWD4org )
AWAeff.Source.Set( mhuAWAeff )
AWSeff.Source.Set( mhuAWSeff )
TWAeff.Source.Set( mhuTWAeff )
TWSeff.Source.Set( mhuTWSeff )
TWDeff.Source.Set( mhuTWDeff )
AWA1eff.Source.Set( mhuAWA1eff )
AWS1eff.Source.Set( mhuAWS1eff )
TWA1eff.Source.Set( mhuTWA1eff )
TWS1eff.Source.Set( mhuTWS1eff )
TWD1eff.Source.Set( mhuTWD1eff )
AWA2eff.Source.Set( mhuAWA2eff )
AWS2eff.Source.Set( mhuAWS2eff )
TWA2eff.Source.Set( mhuTWA2eff )
TWS2eff.Source.Set( mhuTWS2eff )
TWD2eff.Source.Set( mhuTWD2eff )
AWA3eff.Source.Set( mhuAWA3eff )
AWS3eff.Source.Set( mhuAWS3eff )
TWA3eff.Source.Set( mhuTWA3eff )
TWS3eff.Source.Set( mhuTWS3eff )
TWD3eff.Source.Set( mhuTWD3eff )
AWA4eff.Source.Set( mhuAWA4eff )
AWS4eff.Source.Set( mhuAWS4eff )
TWA4eff.Source.Set( mhuTWA4eff )
TWS4eff.Source.Set( mhuTWS4eff )
TWD4eff.Source.Set( mhuTWD4eff )
PitchRate.Source.Set( ahrsPITCHRATEorg )
RollRate.Source.Set( ahrsROLLRATEorg )
YawRate.Source.Set( ahrsYAWRATEorg )
AccelX.Source.Set( ahrsACCELXorg )
AccelY.Source.Set( ahrsACCELYorg )
AccelZ.Source.Set( ahrsACCELZorg )
Heave.Source.Set( Null )
Surge.Source.Set( Null )
Sway.Source.Set( Null )
ForstayLoad.Source.Set( Null )
Runner.Source.Set( Runner_On )
MainSheetLoad.Source.Set( Null )
PortShroudLoad.Source.Set( Null )
StbdShroudLoad.Source.Set( Null )
Rake.Source.Set( Null )
MastButt.Source.Set( Null )
RudderAngle.Source.Set( RudderAngle1_Input )
TravellerPosition.Source.Set( Null )
MastRotation.Source.Set( MastRotation1_Input )
PolarBs.Source.Set( perfBS )
TargetBs.Source.Set( perfTBS )
TargetTwa.Source.Set( perfTTWA )
TargetAwa.Source.Set( perfTAWA )
TargetAws.Source.Set( perfTAWS )
TargetCse.Source.Set( perfTCSE )
TargetVmg.Source.Set( perfTVMG )
BsRatio.Source.Set( perfBSratio )
TargetBsRatio.Source.Set( perfTBSratio )
VmgRatio.Source.Set( perfVMGratio )
VMG.Source.Set( perfVMG )
PitchRMS.Source.Set( seaPITCHRMSorg )
PitchPeriod.Source.Set( seaPITCHPERIODorg )
HeaveRMS.Source.Set( Null )
HeavePeriod.Source.Set( Null )
SeaState.Source.Set( SeaStateManual )
TripLog.Source.Set( TRIPLOGpos )
RngToMark.Source.Set( Null )
BrgToMark.Source.Set( Null )
TimeOnPort.Source.Set( Null )
TimeOnStbd.Source.Set( Null )
OppTack.Source.Set( Null )
TargetOppTack.Source.Set( Null )
MastNz_1s_Mean_Final.Source.Set( Mast_Nz_1s_mean )
E0_Input_Final.Source.Set( E0_Input )
E2_Input_Final.Source.Set( E2_Input )
E3_Input_Final.Source.Set( E3_Input )
E4_Input_Final.Source.Set( E4_Input )
Outrigger_Port_Input_Final.Source.Set( Outrigger_Port_Input )
Outrigger_Stb_Input_Final.Source.Set( Outrigger_Stb_Input )
Runner_Port_Input_Final.Source.Set( Runner_Port_Input )
Runner_Stb_Input_Final.Source.Set( Runner_Stb_Input )
Keel_Press_Stem_Input_Final.Source.Set( Keel_Press_Stem_Input )
Keel_Press_Barrel_Input_Final.Source.Set( Keel_Press_Barrel )
Foil_Active_Rake_Final.Source.Set( Foil_Active_Rake )
Foil_Active_Pos_Final.Source.Set( Foil_Active_Pos )
KeelAngle_Input_Final.Source.Set( KeelAngle_Input )
Heel_Input_Final.Source.Set( Heel_Input )
Outrigger_Active_Final.Source.Set( Outrigger_Active )
Runner_Active_Final.Source.Set( Runner_Active )
Foil_Stb_peak_Final.Source.Set( Foil_Stb_peak )
Foil_Port_peak_Final.Source.Set( Foil_Port_peak )
Foil_Active_peak_Final.Source.Set( Foil_Active_peak )
E1_1s_max_Final.Source.Set( E1_1s_max )
E3_1s_max_Final.Source.Set( E3_1s_max )
Foil_Stb_Rake_Input_Final.Source.Set( Foil_Stb_Rake_Input )
Foil_Port_Rake_Input_Final.Source.Set( Foil_Port_Rake_Input )
Foil_Stb_Pos_Input_Final.Source.Set( Foil_Stb_Pos_Input )
Foil_Port_Pos_Input_Final.Source.Set( Foil_Port_Pos_Input )
n2k_Baro_Pa_Final.Source.Set( n2kBaroPa )
n2k_Baro_Temp_Final.Source.Set( n2kBaroTempInt )
Adr_Pvit_cible_Final.Source.Set( Adr_Pvit_cible_Input )
Adr_VMG_Final.Source.Set( Adr_VMG_Input )
Adr_CMG_Final.Source.Set( Adr_CMG_Input )
